 Xen 4.13-unstable
(XEN) Xen version 4.13-unstable (@) (x86_64-pce-linux-gcc (GCC) 9.2.0) debug=y  Fri Oct 11 12:07:10 UTC 2019
(XEN) Latest ChangeSet: Fri Aug 30 20:35:13 2019 +0100 git:1014f47c7a-dirty
(XEN) build-id: fdb25615f7bfe685bac8d7b3b6803eb5cf9a19f5
(XEN) Bootloader: u-root kexec
(XEN) Command line: guest_loglvl=all dom0_mem=512M console=com1 no-real-mode
(XEN) Xen image load base address: 0
(XEN) Video information:
(XEN)  VGA is text mode 80x25, font 8x16
(XEN) Disc information:
(XEN)  Found 0 MBR signatures
(XEN)  Found 0 EDD information structures
(XEN) Multiboot-e820 RAM map:
(XEN)  0000000000000000 - 0000000000001000 (reserved)
(XEN)  0000000000001000 - 00000000000a0000 (usable)
(XEN)  00000000000c0000 - 0000000000100000 (reserved)
(XEN)  0000000000100000 - 00000000cfe8f000 (usable)
(XEN)  00000000cfe8f000 - 00000000d0000000 (reserved)
(XEN)  00000000f8000000 - 00000000fc000000 (reserved)
(XEN)  00000000fed40000 - 00000000fed45000 (reserved)
(XEN)  0000000100000000 - 000000012f000000 (usable)
(XEN) New Xen image base address: 0xcf800000
(XEN) ACPI: RSDP 000F0800, 0024 (r2 COREv4)
(XEN) ACPI: XSDT CFEA00E0, 006C (r1 COREv4 COREBOOT        0 CORE 20180531)
(XEN) ACPI: FACP CFEA1D70, 00F4 (r4 COREv4 COREBOOT        0 CORE 20180531)
(XEN) ACPI: DSDT CFEA0280, 1AF0 (r2 COREv4 COREBOOT    10001 INTL 20180531)
(XEN) ACPI: FACS CFEA0240, 0040
(XEN) ACPI: SSDT CFEA1E70, 01E1 (r2 COREv4 COREBOOT       2A CORE 20180531)
(XEN) ACPI: TPM2 CFEA2060, 004C (r4 COREv4 COREBOOT        0 CORE 20180531)
(XEN) ACPI: APIC CFEA20B0, 007E (r2 COREv4 COREBOOT        0 CORE 20180531)
(XEN) ACPI: HEST CFEA2130, 01D0 (r1 COREv4 COREBOOT        0 CORE 20180531)
(XEN) ACPI: IVRS CFEA2300, 0128 (r1 COREv4 COREBOOT        0 CORE 20180531)
(XEN) ACPI: SSDT CFEA2430, 48A6 (r2 AMD    AGESA           2 MSFT  4000000)
(XEN) ACPI: SSDT CFEA6CE0, 07C8 (r1 AMD    AGESA           1 AMD         1)
(XEN) ACPI: HPET CFEA74B0, 0038 (r1 COREv4 COREBOOT        0 CORE 20180531)
(XEN) System RAM: 4078MB (4176056kB)
(XEN) No NUMA configuration found
(XEN) Faking a node at 0000000000000000-000000012f000000
(XEN) Domain heap initialised
(XEN) CPU Vendor: AMD, Family 22 (0x16), Model 48 (0x30), Stepping 1 (raw 00730f01)
(XEN) found SMP MP-table at 000f0400
(XEN) DMI present.
(XEN) Using APIC driver default
(XEN) ACPI: PM-Timer IO Port: 0x818 (32 bits)
(XEN) ACPI: SLEEP INFO: pm1x_cnt[1:804,1:0], pm1x_evt[1:800,1:0]
(XEN) ACPI: 32/64X FACS address mismatch in FADT - cfea0240/0000000000000000, using 32
(XEN) ACPI:             wakeup_vec[cfea024c], vec_size[20]
(XEN) ACPI: Local APIC address 0xfee00000
(XEN) ACPI: LAPIC (acpi_id[0x00] lapic_id[0x00] enabled)
(XEN) ACPI: LAPIC (acpi_id[0x01] lapic_id[0x01] enabled)
(XEN) ACPI: LAPIC (acpi_id[0x02] lapic_id[0x02] enabled)
(XEN) ACPI: LAPIC (acpi_id[0x03] lapic_id[0x03] enabled)
(XEN) ACPI: LAPIC_NMI (acpi_id[0xff] high edge lint[0x1])
(XEN) ACPI: IOAPIC (id[0x04] address[0xfec00000] gsi_base[0])
(XEN) IOAPIC[0]: apic_id 4, version 33, address 0xfec00000, GSI 0-23
(XEN) ACPI: IOAPIC (id[0x05] address[0xfec20000] gsi_base[24])
(XEN) IOAPIC[1]: apic_id 5, version 33, address 0xfec20000, GSI 24-55
(XEN) ACPI: INT_SRC_OVR (bus 0 bus_irq 0 global_irq 2 dfl dfl)
(XEN) ACPI: INT_SRC_OVR (bus 0 bus_irq 9 global_irq 9 low level)
(XEN) ACPI: IRQ0 used by override.
(XEN) ACPI: IRQ2 used by override.
(XEN) ACPI: IRQ9 used by override.
(XEN) Enabling APIC mode:  Flat.  Using 2 I/O APICs
(XEN) ACPI: HPET id: 0x10228201 base: 0xfed00000
(XEN) ERST table was not found
(XEN) HEST: Table parsing has been initialized
(XEN) Using ACPI (MADT) for SMP configuration information
(XEN) SMP: Allowing 4 CPUs (0 hotplug CPUs)
(XEN) IRQ limits: 56 GSI, 728 MSI/MSI-X
(XEN) xstate: size: 0x340 and states: 0x7
(XEN) CPU0: AMD Fam16h machine check reporting enabled
(XEN) Speculative mitigation facilities:
(XEN)   Hardware features:
(XEN)   Compiled-in support: INDIRECT_THUNK SHADOW_PAGING
(XEN)   Xen settings: BTI-Thunk LFENCE, SPEC_CTRL: No, Other:
(XEN)   Support for HVM VMs: RSB
(XEN)   Support for PV VMs: RSB
(XEN)   XPTI (64-bit PV only): Dom0 disabled, DomU disabled (without PCID)
(XEN)   PV L1TF shadowing: Dom0 disabled, DomU disabled
(XEN) Using scheduler: SMP Credit Scheduler rev2 (credit2)
(XEN) Initializing Credit2 scheduler
(XEN)  load_precision_shift: 18
(XEN)  load_window_shift: 30
(XEN)  underload_balance_tolerance: 0
(XEN)  overload_balance_tolerance: -3
(XEN)  runqueues arrangement: socket
(XEN)  cap enforcement granularity: 10ms
(XEN) load tracking window length 1073741824 ns
(XEN) Adding cpu 0 to runqueue 0
(XEN)  First cpu on runqueue, activating
(XEN) Platform timer is 14.318MHz HPET
(XEN) Detected 998.137 MHz processor.
(XEN) alt table ffff82d0804741b0 -> ffff82d0804810e6
(XEN) AMD-Vi: IOMMU Extended Features:
(XEN) - Peripheral Page Service Request
(XEN) - Invalidate All Command
(XEN) - Guest APIC
(XEN) - Performance Counters
(XEN) - Host Address Translation Size: 0x2
(XEN) - Guest Address Translation Size: 0
(XEN) - Guest CR3 Root Table Level: 0
(XEN) - Maximum PASID: 0x8
(XEN) - SMI Filter Register: 0x1
(XEN) - SMI Filter Register Count: 0x2
(XEN) - Guest Virtual APIC Modes: 0x1
(XEN) - Dual PPR Log: 0
(XEN) - Dual Event Log: 0
(XEN) - Device Table Segmentation: 0
(XEN) - Memory Access Routing and Control: 0
(XEN) - VM Table Size: 0
(XEN) AMD-Vi: Disabled HAP memory map sharing with IOMMU
(XEN) AMD-Vi: IOMMU 0 Enabled.
(XEN) I/O virtualisation enabled
(XEN)  - Dom0 mode: Relaxed
(XEN) Interrupt remapping enabled
(XEN) nr_sockets: 1
(XEN) ENABLING IO-APIC IRQs
(XEN)  -> Using new ACK method
(XEN) ..TIMER: vector=0xF0 apic1=0 pin1=2 apic2=0 pin2=0
(XEN) Allocated console ring of 32 KiB.
(XEN) mwait-idle: does not run on family 22 model 48
(XEN) HVM: ASIDs enabled.
(XEN) SVM: Supported advanced features:
(XEN)  - Nested Page Tables (NPT)
(XEN)  - Last Branch Record (LBR) Virtualisation
(XEN)  - Next-RIP Saved on #VMEXIT
(XEN)  - DecodeAssists
(XEN)  - Pause-Intercept Filter
(XEN)  - Pause-Intercept Filter Threshold
(XEN)  - TSC Rate MSR
(XEN) HVM: SVM enabled
(XEN) HVM: Hardware Assisted Paging (HAP) detected
(XEN) HVM: HAP page sizes: 4kB, 2MB, 1GB
(XEN) alt table ffff82d0804741b0 -> ffff82d0804810e6
(XEN) Adding cpu 1 to runqueue 0
(XEN) AMD-Vi: IO_PAGE_FAULT: domain = 0, device id = 0xa0, fault address = 0xfdf8000000, flags = 0x18
(XEN) AMD-Vi: IO_PAGE_FAULT: domain = 0, device id = 0xa0, fault address = 0xfdf8000000, flags = 0x18
(XEN) Adding cpu 2 to runqueue 0
(XEN) Adding cpu 3 to runqueue 0
(XEN) Brought up 4 CPUs
(XEN) Running stub recovery selftests...
(XEN) traps.c:1567: GPF (0000): ffff82d0bffff041 [ffff82d0bffff041] -> ffff82d0803873ff
(XEN) traps.c:762: Trap 12: ffff82d0bffff040 [ffff82d0bffff040] -> ffff82d0803873ff
(XEN) traps.c:1101: Trap 3: ffff82d0bffff041 [ffff82d0bffff041] -> ffff82d0803873ff
(XEN) VPMU: disabled
(XEN) MCA: Use hw thresholding to adjust polling frequency
(XEN) mcheck_poll: Machine check polling timer started.
(XEN) Dom0 has maximum 632 PIRQs
(XEN) NX (Execute Disable) protection active
(XEN) *** Building a PV Dom0 ***
(XEN) ELF: phdr: paddr=0x1000000 memsz=0x109c000
(XEN) ELF: phdr: paddr=0x2200000 memsz=0x158000
(XEN) ELF: phdr: paddr=0x2358000 memsz=0x23898
(XEN) ELF: phdr: paddr=0x237c000 memsz=0x2b0000
(XEN) ELF: memory: 0x1000000 -> 0x262c000
(XEN) ELF: note: GUEST_OS = "linux"
(XEN) ELF: note: GUEST_VERSION = "2.6"
(XEN) ELF: note: XEN_VERSION = "xen-3.0"
(XEN) ELF: note: VIRT_BASE = 0xffffffff80000000
(XEN) ELF: note: INIT_P2M = 0x8000000000
(XEN) ELF: note: ENTRY = 0xffffffff8237c180
(XEN) ELF: note: HYPERCALL_PAGE = 0xffffffff81001000
(XEN) ELF: note: FEATURES = "!writable_page_tables|pae_pgdir_above_4gb"
(XEN) ELF: note: SUPPORTED_FEATURES = 0x8801
(XEN) ELF: note: PAE_MODE = "yes"
(XEN) ELF: note: LOADER = "generic"
(XEN) ELF: note: unknown (0xd)
(XEN) ELF: note: SUSPEND_CANCEL = 0x1
(XEN) ELF: note: MOD_START_PFN = 0x1
(XEN) ELF: note: HV_START_LOW = 0xffff800000000000
(XEN) ELF: note: PADDR_OFFSET = 0
(XEN) ELF: note: PHYS32_ENTRY = 0x10003c0
(XEN) ELF: Found PVH image
(XEN) ELF: addresses:
(XEN)     virt_base        = 0xffffffff80000000
(XEN)     elf_paddr_offset = 0x0
(XEN)     virt_offset      = 0xffffffff80000000
(XEN)     virt_kstart      = 0xffffffff81000000
(XEN)     virt_kend        = 0xffffffff8262c000
(XEN)     virt_entry       = 0xffffffff8237c180
(XEN)     p2m_base         = 0x8000000000
(XEN)  Xen  kernel: 64-bit, lsb, compat32
(XEN)  Dom0 kernel: 64-bit, PAE, lsb, paddr 0x1000000 -> 0x262c000
(XEN) PHYSICAL MEMORY ARRANGEMENT:
(XEN)  Dom0 alloc.:   0000000124000000->0000000128000000 (114688 pages to be allocated)
(XEN) VIRTUAL MEMORY ARRANGEMENT:
(XEN)  Loaded kernel: ffffffff81000000->ffffffff8262c000
(XEN)  Init. ramdisk: 0000000000000000->0000000000000000
(XEN)  Phys-Mach map: 0000008000000000->0000008000100000
(XEN)  Start info:    ffffffff8262c000->ffffffff8262c4b8
(XEN)  Xenstore ring: 0000000000000000->0000000000000000
(XEN)  Console ring:  0000000000000000->0000000000000000
(XEN)  Page tables:   ffffffff8262d000->ffffffff82644000
(XEN)  Boot stack:    ffffffff82644000->ffffffff82645000
(XEN)  TOTAL:         ffffffff80000000->ffffffff82800000
(XEN)  ENTRY ADDRESS: ffffffff8237c180
(XEN) Dom0 has maximum 4 VCPUs
(XEN) ELF: phdr 0 at 0xffffffff81000000 -> 0xffffffff8209c000
(XEN) ELF: phdr 1 at 0xffffffff82200000 -> 0xffffffff82358000
(XEN) ELF: phdr 2 at 0xffffffff82358000 -> 0xffffffff8237b898
(XEN) ELF: phdr 3 at 0xffffffff8237c000 -> 0xffffffff824f1000
(XEN) Initial low memory virq threshold set at 0x4000 pages.
(XEN) Scrubbing Free RAM in background
(XEN) Std. Loglevel: All
(XEN) Guest Loglevel: All
(XEN) *** Serial input to DOM0 (type 'CTRL-a' three times to switch input)
(XEN) Freed 540kB init memory
mapping kernel into physical memory
about to get started...
Linux version 4.19.61-yocto-standard (oe-user@oe-host) (gcc version 9.2.0 (GCC)) #1 SMP PREEMPT Sat Sep 28 15:56:01 UTC 2019
Command line: console=hvc0 earlyprintk=xen nomodeset root=/dev/sda2
x86/fpu: Supporting XSAVE feature 0x001: 'x87 floating point registers'
x86/fpu: Supporting XSAVE feature 0x002: 'SSE registers'
x86/fpu: Supporting XSAVE feature 0x004: 'AVX registers'
x86/fpu: xstate_offset[2]:  576, xstate_sizes[2]:  256
x86/fpu: Enabled xstate features 0x7, context size is 832 bytes, using 'standard' format.
Released 0 page(s)
BIOS-provided physical RAM map:
Xen: [mem 0x0000000000000000-0x0000000000000fff] reserved
Xen: [mem 0x0000000000001000-0x000000000009ffff] usable
Xen: [mem 0x00000000000a0000-0x00000000000fffff] reserved
Xen: [mem 0x0000000000100000-0x00000000cfe8efff] usable
Xen: [mem 0x00000000cfe8f000-0x00000000cfffffff] reserved
Xen: [mem 0x00000000f7f00000-0x00000000f7f03fff] reserved
Xen: [mem 0x00000000f8000000-0x00000000fbffffff] reserved
Xen: [mem 0x00000000fec00000-0x00000000fec00fff] reserved
Xen: [mem 0x00000000fec20000-0x00000000fec20fff] reserved
Xen: [mem 0x00000000fed40000-0x00000000fed44fff] reserved
Xen: [mem 0x00000000fee00000-0x00000000feefffff] reserved
Xen: [mem 0x0000000100000000-0x000000012effffff] usable
NX (Execute Disable) protection: active
SMBIOS 2.8 present.
DMI: PC Engines apu2/apu2, BIOS v4.10.0.1 09/28/2019
Hypervisor detected: Xen PV
tsc: Detected 998.137 MHz processor
last_pfn = 0x12f000 max_arch_pfn = 0x400000000
Disabled
x86/PAT: MTRRs disabled, skipping PAT initialization too.
x86/PAT: Configuration [0-7]: WB  WT  UC- UC  WC  WP  UC  UC
last_pfn = 0xcfe8f max_arch_pfn = 0x400000000
Scanning 1 areas for low memory corruption
ACPI: Early table checksum verification disabled
ACPI: RSDP 0x00000000000F0800 000024 (v02 COREv4)
ACPI: XSDT 0x00000000CFEA00E0 00006C (v01 COREv4 COREBOOT 00000000 CORE 20180531)
ACPI: FACP 0x00000000CFEA1D70 0000F4 (v04 COREv4 COREBOOT 00000000 CORE 20180531)
ACPI: DSDT 0x00000000CFEA0280 001AF0 (v02 COREv4 COREBOOT 00010001 INTL 20180531)
ACPI: FACS 0x00000000CFEA0240 000040
ACPI: SSDT 0x00000000CFEA1E70 0001E1 (v02 COREv4 COREBOOT 0000002A CORE 20180531)
ACPI: TPM2 0x00000000CFEA2060 00004C (v04 COREv4 COREBOOT 00000000 CORE 20180531)
ACPI: APIC 0x00000000CFEA20B0 00007E (v02 COREv4 COREBOOT 00000000 CORE 20180531)
ACPI: HEST 0x00000000CFEA2130 0001D0 (v01 COREv4 COREBOOT 00000000 CORE 20180531)
ACPI: IVRS 0x00000000CFEA2300 000128 (v01 COREv4 COREBOOT 00000000 CORE 20180531)
ACPI: SSDT 0x00000000CFEA2430 0048A6 (v02 AMD    AGESA    00000002 MSFT 04000000)
ACPI: SSDT 0x00000000CFEA6CE0 0007C8 (v01 AMD    AGESA    00000001 AMD  00000001)
ACPI: HPET 0x00000000CFEA74B0 000038 (v01 COREv4 COREBOOT 00000000 CORE 20180531)
Setting APIC routing to Xen PV.
Zone ranges:
  DMA      [mem 0x0000000000001000-0x0000000000ffffff]
  DMA32    [mem 0x0000000001000000-0x00000000ffffffff]
  Normal   [mem 0x0000000100000000-0x000000012effffff]
Movable zone start for each node
Early memory node ranges
  node   0: [mem 0x0000000000001000-0x000000000009ffff]
  node   0: [mem 0x0000000000100000-0x00000000cfe8efff]
  node   0: [mem 0x0000000100000000-0x000000012effffff]
Reserved but unavailable: 1 pages
Initmem setup node 0 [mem 0x0000000000001000-0x000000012effffff]
p2m virtual area at (____ptrval____), size is a00000
Remapped 97 page(s)
ACPI: PM-Timer IO Port: 0x818
ACPI: LAPIC_NMI (acpi_id[0xff] high edge lint[0x1])
IOAPIC[0]: apic_id 4, version 33, address 0xfec00000, GSI 0-23
IOAPIC[1]: apic_id 5, version 33, address 0xfec20000, GSI 24-55
ACPI: INT_SRC_OVR (bus 0 bus_irq 0 global_irq 2 dfl dfl)
ACPI: INT_SRC_OVR (bus 0 bus_irq 9 global_irq 9 low level)
Using ACPI (MADT) for SMP configuration information
ACPI: HPET id: 0x10228201 base: 0xfed00000
smpboot: Allowing 4 CPUs, 0 hotplug CPUs
[mem 0xd0000000-0xf7efffff] available for PCI devices
Booting paravirtualized kernel on Xen
Xen version: 4.13-unstable (preserve-AD)
clocksource: refined-jiffies: mask: 0xffffffff max_cycles: 0xffffffff, max_idle_ns: 1910969940391419 ns
random: get_random_bytes called from start_kernel+0x97/0x4c6 with crng_init=0
setup_percpu: NR_CPUS:64 nr_cpumask_bits:64 nr_cpu_ids:4 nr_node_ids:1
percpu: Embedded 45 pages/cpu s145560 r8192 d30568 u524288
Built 1 zonelists, mobility grouping on.  Total pages: 1027678
Kernel command line: console=hvc0 earlyprintk=xen nomodeset root=/dev/sda2
You have booted with nomodeset. This means your GPU drivers are DISABLED
Any video related functionality will be severely degraded, and you may not even be able to suspend the system properly
Unless you actually understand what nomodeset does, you should reboot without enabling it
Dentry cache hash table entries: 524288 (order: 10, 4194304 bytes)
Inode-cache hash table entries: 262144 (order: 9, 2097152 bytes)
software IO TLB: mapped [mem 0x16800000-0x1a800000] (64MB)
Memory: 346708K/4176056K available (12300K kernel code, 1288K rwdata, 2672K rodata, 1596K init, 1084K bss, 3829348K reserved, 0K cma-reserved)
SLUB: HWalign=64, Order=0-3, MinObjects=0, CPUs=4, Nodes=1
ftrace: allocating 38466 entries in 151 pages
rcu: Preemptible hierarchical RCU implementation.
rcu:    RCU restricting CPUs from NR_CPUS=64 to nr_cpu_ids=4.
        Tasks RCU enabled.
rcu: Adjusting geometry for rcu_fanout_leaf=16, nr_cpu_ids=4
Using NULL legacy PIC
NR_IRQS: 4352, nr_irqs: 1000, preallocated irqs: 0
xen:events: Using FIFO-based ABI
Console: colour dummy device 80x25
console [tty0] enabled
console [hvc0] enabled
ACPI: Core revision 20180810
clocksource: xen: mask: 0xffffffffffffffff max_cycles: 0x1cd42e4dffb, max_idle_ns: 881590591483 ns
installing Xen timer for CPU 0
clocksource: tsc-early: mask: 0xffffffffffffffff max_cycles: 0x1cc66e5fe7a, max_idle_ns: 881590436107 ns
Calibrating delay loop (skipped), value calculated using timer frequency.. 1996.27 BogoMIPS (lpj=998137)
pid_max: default: 32768 minimum: 301
Security Framework initialized
Mount-cache hash table entries: 8192 (order: 4, 65536 bytes)
Mountpoint-cache hash table entries: 8192 (order: 4, 65536 bytes)
Last level iTLB entries: 4KB 512, 2MB 8, 4MB 4
Last level dTLB entries: 4KB 512, 2MB 256, 4MB 128, 1GB 0
Spectre V2 : Mitigation: Full AMD retpoline
Spectre V2 : Spectre v2 / SpectreRSB mitigation: Filling RSB on context switch
Speculative Store Bypass: Mitigation: Speculative Store Bypass disabled via prctl and seccomp
Freeing SMP alternatives memory: 40K
VPMU disabled by hypervisor.
Performance Events: PMU not available due to virtualization, using software events only.
rcu: Hierarchical SRCU implementation.
smp: Bringing up secondary CPUs ...
installing Xen timer for CPU 1
installing Xen timer for CPU 2
installing Xen timer for CPU 3
smp: Brought up 1 node, 4 CPUs
smpboot: Max logical packages: 1
devtmpfs: initialized
clocksource: jiffies: mask: 0xffffffff max_cycles: 0xffffffff, max_idle_ns: 1911260446275000 ns
futex hash table entries: 1024 (order: 4, 65536 bytes)
xor: automatically using best checksumming function   avx
pinctrl core: initialized pinctrl subsystem
NET: Registered protocol family 16
xen:grant_table: Grant tables using version 1 layout
Grant table initialized
ACPI: bus type PCI registered
PCI: Using configuration type 1 for base access
PCI: Using configuration type 1 for extended access
raid6: sse2x1   gen()  1171 MB/s
random: fast init done
raid6: sse2x1   xor()   681 MB/s
raid6: sse2x2   gen()  1363 MB/s
raid6: sse2x2   xor()  1003 MB/s
raid6: sse2x4   gen()  1648 MB/s
raid6: sse2x4   xor()  1087 MB/s
raid6: using algorithm sse2x4 gen() 1648 MB/s
raid6: .... xor() 1087 MB/s, rmw enabled
raid6: using ssse3x2 recovery algorithm
ACPI: Added _OSI(Module Device)
ACPI: Added _OSI(Processor Device)
ACPI: Added _OSI(3.0 _SCP Extensions)
ACPI: Added _OSI(Processor Aggregator Device)
ACPI: Added _OSI(Linux-Dell-Video)
ACPI: Added _OSI(Linux-Lenovo-NV-HDMI-Audio)
ACPI: 4 ACPI AML tables successfully acquired and loaded
ACPI: Interpreter enabled
ACPI: (supports S0 S1 S5)
ACPI: Using IOAPIC for interrupt routing
PCI: Using host bridge windows from ACPI; if necessary, use "pci=nocrs" and report a bug
ACPI: Enabled 7 GPEs in block 00 to 1F
ACPI: PCI Root Bridge [PCI0] (domain 0000 [bus 00-ff])
acpi PNP0A08:00: _OSC: OS supports [ExtendedConfig ASPM ClockPM Segments MSI]
acpi PNP0A08:00: _OSC: OS now controls [PME AER PCIeCapability LTR]
acpi PNP0A08:00: host bridge window expanded to [io  0x0000-0x0cf7 window]; [io  0x03b0-0x03df window] ignored
PCI host bridge to bus 0000:00
pci_bus 0000:00: root bus resource [io  0x0000-0x0cf7 window]
pci_bus 0000:00: root bus resource [io  0x0d00-0xffff window]
pci_bus 0000:00: root bus resource [mem 0x000a0000-0x000bffff]
pci_bus 0000:00: root bus resource [mem 0x000c0000-0x000dffff]
pci_bus 0000:00: root bus resource [mem 0xd0000000-0xffffffff]
pci_bus 0000:00: root bus resource [bus 00-ff]
(XEN) PCI add device 0000:00:00.0
(XEN) PCI add device 0000:00:00.2
(XEN) PCI add device 0000:00:02.0
(XEN) PCI add device 0000:00:02.1
(XEN) PCI add device 0000:00:02.2
(XEN) PCI add device 0000:00:02.3
(XEN) PCI add device 0000:00:02.4
(XEN) PCI add device 0000:00:02.5
(XEN) PCI add device 0000:00:08.0
(XEN) PCI add device 0000:00:10.0
(XEN) PCI add device 0000:00:11.0
(XEN) PCI add device 0000:00:13.0
(XEN) PCI add device 0000:00:14.0
(XEN) PCI add device 0000:00:14.3
(XEN) PCI add device 0000:00:14.7
(XEN) PCI add device 0000:00:18.0
(XEN) PCI add device 0000:00:18.1
(XEN) PCI add device 0000:00:18.2
(XEN) PCI add device 0000:00:18.3
(XEN) PCI add device 0000:00:18.4
(XEN) PCI add device 0000:00:18.5
(XEN) PCI add device 0000:01:00.0
pci 0000:00:02.1: PCI bridge to [bus 01]
(XEN) PCI add device 0000:02:00.0
pci 0000:00:02.2: PCI bridge to [bus 02]
(XEN) PCI add device 0000:03:00.0
pci 0000:00:02.3: PCI bridge to [bus 03]
(XEN) PCI add device 0000:04:00.0
pci 0000:00:02.4: PCI bridge to [bus 04]
(XEN) PCI add device 0000:05:00.0
pci 0000:00:02.5: PCI bridge to [bus 05]
ACPI: PCI Interrupt Link [INTA] (IRQs *3 4 5 7 10 11 12 15)
ACPI: PCI Interrupt Link [INTB] (IRQs *3 4 5 7 10 11 12 15)
ACPI: PCI Interrupt Link [INTC] (IRQs 3 4 *5 7 10 11 12 15)
ACPI: PCI Interrupt Link [INTD] (IRQs 3 4 5 *7 10 11 12 15)
ACPI: PCI Interrupt Link [INTE] (IRQs 3 4 5 7 10 *11 12 15)
ACPI: PCI Interrupt Link [INTF] (IRQs 9) *10
ACPI: PCI Interrupt Link [INTG] (IRQs 3 4 5 7 10 11 12 15) *0
ACPI: PCI Interrupt Link [INTH] (IRQs 3 4 5 7 10 11 12 15) *0
xen:balloon: Initialising balloon driver
vgaarb: loaded
SCSI subsystem initialized
ACPI: bus type USB registered
usbcore: registered new interface driver usbfs
usbcore: registered new interface driver hub
usbcore: registered new device driver usb
pps_core: LinuxPPS API ver. 1 registered
pps_core: Software ver. 5.3.6 - Copyright 2005-2007 Rodolfo Giometti <giometti@linux.it>
PTP clock support registered
Advanced Linux Sound Architecture Driver Initialized.
PCI: Using ACPI for IRQ routing
Bluetooth: Core ver 2.22
NET: Registered protocol family 31
Bluetooth: HCI device and connection manager initialized
Bluetooth: HCI socket layer initialized
Bluetooth: L2CAP socket layer initialized
Bluetooth: SCO socket layer initialized
clocksource: Switched to clocksource tsc-early
pnp: PnP ACPI init
system 00:00: [mem 0xfec10002-0xfec11001] has been reserved
Already setup the GSI :4
pnp: PnP ACPI: found 5 devices
PM-Timer failed consistency check  (0xffffff) - aborting.
pci 0000:00:02.1: PCI bridge to [bus 01]
pci 0000:00:02.1:   bridge window [io  0x1000-0x1fff]
pci 0000:00:02.1:   bridge window [mem 0xf7900000-0xf79fffff]
pci 0000:00:02.2: PCI bridge to [bus 02]
pci 0000:00:02.2:   bridge window [io  0x2000-0x2fff]
pci 0000:00:02.2:   bridge window [mem 0xf7a00000-0xf7afffff]
pci 0000:00:02.3: PCI bridge to [bus 03]
pci 0000:00:02.3:   bridge window [io  0x3000-0x3fff]
pci 0000:00:02.3:   bridge window [mem 0xf7b00000-0xf7bfffff]
pci 0000:00:02.4: PCI bridge to [bus 04]
pci 0000:00:02.4:   bridge window [io  0x4000-0x4fff]
pci 0000:00:02.4:   bridge window [mem 0xf7c00000-0xf7cfffff]
pci 0000:00:02.5: PCI bridge to [bus 05]
pci 0000:00:02.5:   bridge window [mem 0xf7600000-0xf78fffff]
NET: Registered protocol family 2
tcp_listen_portaddr_hash hash table entries: 2048 (order: 3, 32768 bytes)
TCP established hash table entries: 32768 (order: 6, 262144 bytes)
TCP bind hash table entries: 32768 (order: 7, 524288 bytes)
TCP: Hash tables configured (established 32768 bind 32768)
UDP hash table entries: 2048 (order: 4, 65536 bytes)
UDP-Lite hash table entries: 2048 (order: 4, 65536 bytes)
NET: Registered protocol family 1
RPC: Registered named UNIX socket transport module.
RPC: Registered udp transport module.
RPC: Registered tcp transport module.
RPC: Registered tcp NFSv4.1 backchannel transport module.
Already setup the GSI :18
pci 0000:00:13.0: PME# does not work under D3, disabling it
Scanning for low memory corruption every 60 seconds
Initialise system trusted keyrings
workingset: timestamp_bits=46 max_order=17 bucket_order=0
NFS: Registering the id_resolver key type
Key type id_resolver registered
Key type id_legacy registered
Key type asymmetric registered
Asymmetric key parser 'x509' registered
Block layer SCSI generic (bsg) driver version 0.4 loaded (major 249)
io scheduler noop registered
io scheduler deadline registered
io scheduler cfq registered (default)
io scheduler mq-deadline registered
io scheduler kyber registered
Already setup the GSI :24
pcieport 0000:00:02.1: AER enabled with IRQ 82
pcieport 0000:00:02.2: AER enabled with IRQ 83
pcieport 0000:00:02.3: AER enabled with IRQ 84
pcieport 0000:00:02.4: AER enabled with IRQ 85
pcieport 0000:00:02.5: AER enabled with IRQ 86
pcieport 0000:00:02.1: Signaling PME with IRQ 82
pcieport 0000:00:02.2: Signaling PME with IRQ 83
pcieport 0000:00:02.3: Signaling PME with IRQ 84
pcieport 0000:00:02.4: Signaling PME with IRQ 85
pcieport 0000:00:02.5: Signaling PME with IRQ 86
input: Power Button as /devices/LNXSYSTM:00/LNXSYBUS:00/PNP0C0C:00/input/input0
ACPI: Power Button [PWRB]
input: Power Button as /devices/LNXSYSTM:00/LNXPWRBN:00/input/input1
ACPI: Power Button [PWRF]
xen:xen_evtchn: Event-channel device installed
xen_mcelog: /dev/mcelog registered by Xen
Serial: 8250/16550 driver, 4 ports, IRQ sharing disabled
00:03: ttyS1 at I/O 0x2f8 (irq = 3, base_baud = 115200) is a 16550A
tpm_tis 00:04: 2.0 TPM (device-id 0x1A, rev-id 16)
brd: module loaded
loop: module loaded
Uniform Multi-Platform E-IDE driver
ide-gd driver 1.18
ide-cd driver 5.00
ahci 0000:00:11.0: AHCI 0001.0300 32 slots 2 ports 6 Gbps 0x3 impl SATA mode
ahci 0000:00:11.0: flags: 64bit ncq sntf ilck pm led clo pmp fbs pio slum part ccc
ahci 0000:00:11.0: both AHCI_HFLAG_MULTI_MSI flag set and custom irq handler implemented
scsi host0: ahci
scsi host1: ahci
ata1: SATA max UDMA/133 abar m1024@0xf7fa5000 port 0xf7fa5100 irq 89
ata2: SATA max UDMA/133 abar m1024@0xf7fa5000 port 0xf7fa5180 irq 90
Already setup the GSI :24
ahci 0000:01:00.0: SSS flag set, parallel bus scan disabled
ahci 0000:01:00.0: AHCI 0001.0200 32 slots 2 ports 6 Gbps 0x3 impl SATA mode
ahci 0000:01:00.0: flags: 64bit ncq sntf stag led clo pmp pio slum part ccc sxs
scsi host2: ahci
scsi host3: ahci
ata3: SATA max UDMA/133 abar m512@0xf7910000 port 0xf7910100 irq 93
ata4: SATA max UDMA/133 abar m512@0xf7910000 port 0xf7910180 irq 93
e100: Intel(R) PRO/100 Network Driver, 3.5.24-k2-NAPI
e100: Copyright(c) 1999-2006 Intel Corporation
e1000: Intel(R) PRO/1000 Network Driver - version 7.3.21-k8-NAPI
e1000: Copyright (c) 1999-2006 Intel Corporation.
e1000e: Intel(R) PRO/1000 Network Driver - 3.2.6-k
e1000e: Copyright(c) 1999 - 2015 Intel Corporation.
igb: Intel(R) Gigabit Ethernet Network Driver - version 5.4.0-k
igb: Copyright (c) 2007-2014 Intel Corporation.
pps pps0: new PPS source ptp0
igb 0000:02:00.0: added PHC on eth0
igb 0000:02:00.0: Intel(R) Gigabit Ethernet Network Connection
igb 0000:02:00.0: eth0: (PCIe:2.5Gb/s:Width x1) 00:0d:b9:43:3f:bc
igb 0000:02:00.0: eth0: PBA No: FFFFFF-0FF
igb 0000:02:00.0: Using MSI-X interrupts. 4 rx queue(s), 4 tx queue(s)
pps pps1: new PPS source ptp1
igb 0000:03:00.0: added PHC on eth1
igb 0000:03:00.0: Intel(R) Gigabit Ethernet Network Connection
igb 0000:03:00.0: eth1: (PCIe:2.5Gb/s:Width x1) 00:0d:b9:43:3f:bd
igb 0000:03:00.0: eth1: PBA No: FFFFFF-0FF
igb 0000:03:00.0: Using MSI-X interrupts. 4 rx queue(s), 4 tx queue(s)
pps pps2: new PPS source ptp2
igb 000kernel read-only data: 18432k
Freeing unused kernel image memory: 2012K
Freeing unused kernel image memory: 1424K
Run /sbin/init as init process
clocksource: tsc: mask: 0xffffffffffffffff max_cycles: 0x1cc66e5fe7a, max_idle_ns: 881590436107 ns
clocksource: Switched to clocksource tsc
systemd[1]: systemd 242-85-g07f0549+ running in system mode. (-PAM -AUDIT -SELINUX +IMA -APPARMOR +SMACK +SYSVINIT +UTMP -LIBCRYPTSETUP -GCRYPT -GNUTLS +ACL +XZ -LZ4 -SECCOMP +BLKID -ELFUTILS +KMOD -IDN2)
systemd[1]: Detected architecture x86-64.

Welcome to Reference Yocto distro for PC Engines hardware 0.1 (master)!

systemd[1]: Set hostname to <pcengines-apu2>.
systemd[1]: /lib/systemd/system/xen-qemu-dom0-disk-backend.service:11: PIDFile= references a path below legacy directory /var/run/, updating /var/run/xen/qemu-dom0.pid b /run/xen/qemu-dom0.pid; please u .
systemd[1]: /lib/systemd/system/dbus.socket:5: ListenStream= references a path below legacy directory /var/run/, updating /var/run/dbus/system_bus_socket b /run/dbus/system_bus_socket; please update the .
random: systemd: uninitialized urandom read (16 bytes read)
systemd[1]: Reached target Remote File Systems.
[  OK  ] Reached target Remote File Systems.
random: systemd: uninitialized urandom read (16 bytes read)
systemd[1]: Listening on udev Control Socket.
[  OK  ] Listening on udev Control Socket.
random: systemd: uninitialized urandom read (16 bytes read)
systemd[1]: Listening on udev Kernel Socket.
[  OK  ] Listening on udev Kernel Socket.
systemd[1]: Created slice system-getty.slice.
[  OK  ] Created slice system-getty.slice.
systemd[1]: Started Dispatch Password Requests to Console Directory Watch.
[  OK  ] Started Dispatch Password b&ts to Console Directory Watch.
[  OK  ] Listening on Journal Socket.
         Starting Remount Root and Kernel File Systems...
[  OK  ] Listening on initctl Compatibility Named Pipe.
         Mounting POSIX Message Queue File System...
[  OK  ] Listening on Syslog Socket.
[  OK  ] Listening on Journal Socket (/dev/log).
         Starting Create list of reb&odes for the current kernel...
         Starting udev Coldplug all Devices...
[  OK  ] Started Hardware RNG Entropy Gatherer Daemon.
EXT4-fs (sda2): re-mounted. Opts: (null)
         Mounting Mount /proc/xen files...
[  OK  ] Listening on Network Service Netlink Socket.
[  OK  ] Started Forward Password Rb&uests to Wall Directory Watch.
[  OK  ] Reached target Paths.
         Mounting Kernel Debug File System...
[  OK  ] Created slice system-serial\x2dgetty.slice.
         Starting Load Kernel Modules...
         Starting Journal Service...
[  OK  ] Created slice User and Session Slice.
[  OK  ] Reached target Slices.
[  OK  ] Reached target Swap.
         Mounting Temporary Directory (/tmp)...
scsi 4:0:0:0: Direct-Access     Kingston DataTraveler 3.0 PMAP PQ: 0 ANSI: 6
sd 4:0:0:0: [sdb] 30277632 512-byte logical blocks: (15.5 GB/14.4 GiB)
sd 4:0:0:0: [sdb] Write Protect is off
sd 4:0:0:0: [sdb] Write cache: disabled, read cache: enabled, doesn't support DPO or FUA
openvswitch: Open vSwitch switching datapath
[  OK  ] Started Remount Root and Kernel File Systems.
[  OK  ] Mounted POSIX Message Queue File System.
[  OK  ] Started Create list of reqb& nodes for the current kernel.
[  OK  ] Mounted Mount /proc/xen files.
[  OK  ] Mounted Kernel Debug File System.
[  OK  ] Mounted Temporary Directory (/tmp).
xen_pciback: backend is vpci
xen_wdt xen_wdt: initialized (timeout=60s, nowayout=0)
 sdb: sdb1 sdb2 < sdb5 >
sd 4:0:0:0: [sdb] Attached SCSI removable disk
         Starting Create Static Device Nodes in /dev...
[  OK  ] Started Load Kernel Modules.
         Starting Apply Kernel Variables...
[  OK  ] Started Create Static Device Nodes in /dev.
[  OK  ] Reached target Local File Systems (Pre).
         Mounting mount xenstore file system...
         Mounting /var/volatile...
         Starting udev Kernel Device Manager...
[  OK  ] Started Apply Kernel Variables.
[  OK  ] Mounted mount xenstore file system.
[  OK  ] Mounted /var/volatile.
         Starting Load/Save Random Seed...
[  OK  ] Started Load/Save Random Seed.
[  OK  ] Started udev Kernel Device Manager.
         Starting Network Service...
[  OK  ] Started Network Service.
[  OK  ] Started Journal Service.
random: crng init done
random: 7 urandom warning(s) missed due to ratelimiting
         Starting Flush Journal to Persistent Storage...
systemd-journald[136]: Received request to flush runtime journal from PID 1
[  OK  ] Started Flush Journal to Persistent Storage.
igb 0000:02:00.0 enp2s0: renamed from eth0
igb 0000:03:00.0 enp3s0: renamed from eth1
igb 0000:04:00.0 enp4s0: renamed from eth2
[  OK  ] Started udev Coldplug all Devices.
IPv6: ADDRCONF(NETDEV_UP): enp2s0: link is not ready
IPv6: ADDRCONF(NETDEV_UP): enp3s0: link is not ready
IPv6: ADDRCONF(NETDEV_UP): enp4s0: link is not ready
[  OK  ] Found device SanDisk_SSD_i110_16GB boot.
igb 0000:02:00.0 enp2s0: igb: enp2s0 NIC Link is Up 1000 Mbps Full Duplex, Flow Control: RX/TX
igb 0000:03:00.0 enp3s0: igb: enp3s0 NIC Link is Up 1000 Mbps Full Duplex, Flow Control: RX/TX
igb 0000:04:00.0 enp4s0: igb: enp4s0 NIC Link is Up 1000 Mbps Full Duplex, Flow Control: RX/TX
IPv6: ADDRCONF(NETDEV_CHANGE): enp2s0: link becomes ready
         Mounting /boot...
IPv6: ADDRCONF(NETDEV_CHANGE): enp3s0: link becomes ready
EXT4-fs (sda1): recovery complete
EXT4-fs (sda1): mounted filesystem with ordered data mode. Opts: (null)
[  OK  ] Mounted /boot.
[  OK  ] Reached target Local File Systems.
IPv6: ADDRCONF(NETDEV_CHANGE): enp4s0: link becomes ready
         Starting Create Volatile Files and Directories...
[  OK  ] Started Create Volatile Files and Directories.
         Starting Network Name Resolution...
         Starting Network Time Synchronization...
         Starting Update UTMP about System Boot/Shutdown...
[  OK  ] Started Update UTMP about System Boot/Shutdown.
[  OK  ] Started Network Time Synchronization.
[  OK  ] Reached target System Time Set.
[  OK  ] Reached target System Time Synchronized.
[  OK  ] Reached target System Initialization.
         Starting sshd.socket.
[  OK  ] Started Daily Cleanup of Temporary Directories.
[  OK  ] Reached target Timers.
[  OK  ] Listening on D-Bus System Message Bus Socket.
[  OK  ] Started Network Name Resolution.
[  OK  ] Reached target Host and Network Name Lookups.
[  OK  ] Listening on sshd.socket.
[  OK  ] Reached target Sockets.
[  OK  ] Reached target Basic System.
[  OK  ] Started D-Bus System Message Bus.
         Starting Login Service...
[  OK  ] Started Serial Getty on hvc0.
[  OK  ] Started System Logging Service.
         Starting Open vSwitch Database Unit...
[  OK  ] Started Getty on tty1.
[  OK  ] Reached target Login Prompts.
         Starting The Xen xenstore...
[  OK  ] Started Kernel Logging Service.
[  OK  ] Started Login Service.
         Starting Hostname Service...
[  OK  ] Started The Xen xenstore.
         Starting Xenconsoled - hanb&est consoles and hypervisor...
         Starting xen-init-dom0, inb&s, JSON configuration stub)...
[  OK  ] Started Hostname Service.
[  OK  ] Started Xenconsoled - handb&guest consoles and hypervisor.
         Starting qemu for xen dom0 disk backend...
[  OK  ] Started xen-init-dom0, inib&des, JSON configuration stub).
[  OK  ] Started qemu for xen dom0 disk backend.
         Starting Xendomains - starb&guests on boot and shutdown...
[  OK  ] Started Xendomains - startb&p guests on boot and shutdown.
         Starting Xen-watchdog - run xen watchdog daemon...
[  OK  ] Started Xen-watchdog - run xen watchdog daemon.
[  OK  ] Started Open vSwitch Database Unit.
         Starting Open vSwitch Forwarding Unit...
[  OK  ] Started Open vSwitch Forwarding Unit.
         Starting Open vSwitch...
[  OK  ] Started Open vSwitch.
[  OK  ] Reached target Multi-User System.
         Starting Update UTMP about System Runlevel Changes...
[  OK  ] Reached target Network.
[  OK  ] Started Update UTMP about System Runlevel Changes.

